// Jest Snapshot v1, https://goo.gl/fbAQLP

exports[`Habit Renders correctly 1`] = `undefined`;
