// Jest Snapshot v1, https://goo.gl/fbAQLP

exports[`HomePage Renders correctly 1`] = `ShallowWrapper {}`;
