// Jest Snapshot v1, https://goo.gl/fbAQLP

exports[`<SignUp /> Renders correctly 1`] = `ShallowWrapper {}`;
