// Jest Snapshot v1, https://goo.gl/fbAQLP

exports[`<ViewPage/> Renders correctly 1`] = `undefined`;
